com/example/restau/repository/RestaurantRepository.class
com/example/restau/security/CurrentUser.class
com/example/restau/payload/PollRequest.class
com/example/restau/model/User.class
com/example/restau/config/SpringSecurityAuditAwareImpl.class
com/example/restau/controller/SpecialiteController.class
com/example/restau/payload/SignUpRequest.class
com/example/restau/model/Specialite.class
com/example/restau/service/ZoneService.class
com/example/restau/model/Zone.class
com/example/restau/payload/UserIdentityAvailability.class
com/example/restau/dao/IDao.class
com/example/restau/model/City.class
com/example/restau/exception/ResourceNotFoundException.class
com/example/restau/repository/SerieRepository.class
com/example/restau/config/AuditingConfig.class
com/example/restau/exception/AppException.class
com/example/restau/controller/UserController.class
com/example/restau/model/Serie.class
com/example/restau/security/JwtTokenProvider.class
com/example/restau/payload/JwtAuthenticationResponse.class
com/example/restau/payload/PollLength.class
com/example/restau/payload/LoginRequest.class
com/example/restau/repository/UserRepository.class
com/example/restau/model/RoleName.class
com/example/restau/config/SecurityConfig.class
com/example/restau/payload/UserProfile.class
com/example/restau/payload/ApiResponse.class
com/example/restau/config/WebMvcConfig.class
com/example/restau/controller/RestaurantController.class
com/example/restau/payload/ChoiceRequest.class
com/example/restau/controller/AuthController.class
com/example/restau/exception/BadRequestException.class
com/example/restau/repository/SpecialiteRepository.class
com/example/restau/util/AppConstants.class
com/example/restau/controller/ZoneController.class
com/example/restau/repository/RoleRepository.class
com/example/restau/payload/UserSummary.class
com/example/restau/service/SpecialiteService.class
com/example/restau/security/JwtAuthenticationEntryPoint.class
com/example/restau/controller/CityController.class
com/example/restau/payload/ChoiceResponse.class
com/example/restau/repository/ZoneRepository.class
com/example/restau/payload/PagedResponse.class
com/example/restau/security/CustomUserDetailsService.class
com/example/restau/service/SerieService.class
com/example/restau/payload/PollResponse.class
com/example/restau/model/Role.class
com/example/restau/model/audit/DateAudit.class
com/example/restau/model/audit/UserDateAudit.class
com/example/restau/PollsApplication.class
com/example/restau/payload/VoteRequest.class
com/example/restau/security/JwtAuthenticationFilter.class
com/example/restau/service/RestaurantService.class
com/example/restau/controller/SerieController.class
com/example/restau/repository/CityRepository.class
com/example/restau/model/Restaurant.class
com/example/restau/service/CityService.class
com/example/restau/security/UserPrincipal.class
