/Users/ouatilanas/Documents/Gestion-Restaurant/RestauServer/src/main/java/com/example/restau/repository/RoleRepository.java
/Users/ouatilanas/Documents/Gestion-Restaurant/RestauServer/src/main/java/com/example/restau/service/ZoneService.java
/Users/ouatilanas/Documents/Gestion-Restaurant/RestauServer/src/main/java/com/example/restau/payload/VoteRequest.java
/Users/ouatilanas/Documents/Gestion-Restaurant/RestauServer/src/main/java/com/example/restau/exception/BadRequestException.java
/Users/ouatilanas/Documents/Gestion-Restaurant/RestauServer/src/main/java/com/example/restau/security/JwtAuthenticationEntryPoint.java
/Users/ouatilanas/Documents/Gestion-Restaurant/RestauServer/src/main/java/com/example/restau/service/RestaurantService.java
/Users/ouatilanas/Documents/Gestion-Restaurant/RestauServer/src/main/java/com/example/restau/controller/CityController.java
/Users/ouatilanas/Documents/Gestion-Restaurant/RestauServer/src/main/java/com/example/restau/security/UserPrincipal.java
/Users/ouatilanas/Documents/Gestion-Restaurant/RestauServer/src/main/java/com/example/restau/payload/JwtAuthenticationResponse.java
/Users/ouatilanas/Documents/Gestion-Restaurant/RestauServer/src/main/java/com/example/restau/repository/CityRepository.java
/Users/ouatilanas/Documents/Gestion-Restaurant/RestauServer/src/main/java/com/example/restau/payload/UserIdentityAvailability.java
/Users/ouatilanas/Documents/Gestion-Restaurant/RestauServer/src/main/java/com/example/restau/security/CurrentUser.java
/Users/ouatilanas/Documents/Gestion-Restaurant/RestauServer/src/main/java/com/example/restau/controller/AuthController.java
/Users/ouatilanas/Documents/Gestion-Restaurant/RestauServer/src/main/java/com/example/restau/security/JwtTokenProvider.java
/Users/ouatilanas/Documents/Gestion-Restaurant/RestauServer/src/main/java/com/example/restau/exception/AppException.java
/Users/ouatilanas/Documents/Gestion-Restaurant/RestauServer/src/main/java/com/example/restau/controller/RestaurantController.java
/Users/ouatilanas/Documents/Gestion-Restaurant/RestauServer/src/main/java/com/example/restau/model/Restaurant.java
/Users/ouatilanas/Documents/Gestion-Restaurant/RestauServer/src/main/java/com/example/restau/util/AppConstants.java
/Users/ouatilanas/Documents/Gestion-Restaurant/RestauServer/src/main/java/com/example/restau/model/Serie.java
/Users/ouatilanas/Documents/Gestion-Restaurant/RestauServer/src/main/java/com/example/restau/config/WebMvcConfig.java
/Users/ouatilanas/Documents/Gestion-Restaurant/RestauServer/src/main/java/com/example/restau/PollsApplication.java
/Users/ouatilanas/Documents/Gestion-Restaurant/RestauServer/src/main/java/com/example/restau/security/JwtAuthenticationFilter.java
/Users/ouatilanas/Documents/Gestion-Restaurant/RestauServer/src/main/java/com/example/restau/repository/SpecialiteRepository.java
/Users/ouatilanas/Documents/Gestion-Restaurant/RestauServer/src/main/java/com/example/restau/service/CityService.java
/Users/ouatilanas/Documents/Gestion-Restaurant/RestauServer/src/main/java/com/example/restau/payload/PollLength.java
/Users/ouatilanas/Documents/Gestion-Restaurant/RestauServer/src/main/java/com/example/restau/model/Specialite.java
/Users/ouatilanas/Documents/Gestion-Restaurant/RestauServer/src/main/java/com/example/restau/controller/SerieController.java
/Users/ouatilanas/Documents/Gestion-Restaurant/RestauServer/src/main/java/com/example/restau/payload/PollRequest.java
/Users/ouatilanas/Documents/Gestion-Restaurant/RestauServer/src/main/java/com/example/restau/repository/SerieRepository.java
/Users/ouatilanas/Documents/Gestion-Restaurant/RestauServer/src/main/java/com/example/restau/payload/ChoiceResponse.java
/Users/ouatilanas/Documents/Gestion-Restaurant/RestauServer/src/main/java/com/example/restau/payload/ApiResponse.java
/Users/ouatilanas/Documents/Gestion-Restaurant/RestauServer/src/main/java/com/example/restau/dao/IDao.java
/Users/ouatilanas/Documents/Gestion-Restaurant/RestauServer/src/main/java/com/example/restau/security/CustomUserDetailsService.java
/Users/ouatilanas/Documents/Gestion-Restaurant/RestauServer/src/main/java/com/example/restau/model/Zone.java
/Users/ouatilanas/Documents/Gestion-Restaurant/RestauServer/src/main/java/com/example/restau/model/City.java
/Users/ouatilanas/Documents/Gestion-Restaurant/RestauServer/src/main/java/com/example/restau/service/SerieService.java
/Users/ouatilanas/Documents/Gestion-Restaurant/RestauServer/src/main/java/com/example/restau/payload/UserSummary.java
/Users/ouatilanas/Documents/Gestion-Restaurant/RestauServer/src/main/java/com/example/restau/exception/ResourceNotFoundException.java
/Users/ouatilanas/Documents/Gestion-Restaurant/RestauServer/src/main/java/com/example/restau/controller/ZoneController.java
/Users/ouatilanas/Documents/Gestion-Restaurant/RestauServer/src/main/java/com/example/restau/config/SecurityConfig.java
/Users/ouatilanas/Documents/Gestion-Restaurant/RestauServer/src/main/java/com/example/restau/payload/SignUpRequest.java
/Users/ouatilanas/Documents/Gestion-Restaurant/RestauServer/src/main/java/com/example/restau/payload/PollResponse.java
/Users/ouatilanas/Documents/Gestion-Restaurant/RestauServer/src/main/java/com/example/restau/service/SpecialiteService.java
/Users/ouatilanas/Documents/Gestion-Restaurant/RestauServer/src/main/java/com/example/restau/payload/PagedResponse.java
/Users/ouatilanas/Documents/Gestion-Restaurant/RestauServer/src/main/java/com/example/restau/model/Role.java
/Users/ouatilanas/Documents/Gestion-Restaurant/RestauServer/src/main/java/com/example/restau/repository/ZoneRepository.java
/Users/ouatilanas/Documents/Gestion-Restaurant/RestauServer/src/main/java/com/example/restau/model/audit/UserDateAudit.java
/Users/ouatilanas/Documents/Gestion-Restaurant/RestauServer/src/main/java/com/example/restau/model/RoleName.java
/Users/ouatilanas/Documents/Gestion-Restaurant/RestauServer/src/main/java/com/example/restau/repository/RestaurantRepository.java
/Users/ouatilanas/Documents/Gestion-Restaurant/RestauServer/src/main/java/com/example/restau/controller/UserController.java
/Users/ouatilanas/Documents/Gestion-Restaurant/RestauServer/src/main/java/com/example/restau/model/audit/DateAudit.java
/Users/ouatilanas/Documents/Gestion-Restaurant/RestauServer/src/main/java/com/example/restau/controller/SpecialiteController.java
/Users/ouatilanas/Documents/Gestion-Restaurant/RestauServer/src/main/java/com/example/restau/model/User.java
/Users/ouatilanas/Documents/Gestion-Restaurant/RestauServer/src/main/java/com/example/restau/config/AuditingConfig.java
/Users/ouatilanas/Documents/Gestion-Restaurant/RestauServer/src/main/java/com/example/restau/payload/UserProfile.java
/Users/ouatilanas/Documents/Gestion-Restaurant/RestauServer/src/main/java/com/example/restau/payload/ChoiceRequest.java
/Users/ouatilanas/Documents/Gestion-Restaurant/RestauServer/src/main/java/com/example/restau/repository/UserRepository.java
/Users/ouatilanas/Documents/Gestion-Restaurant/RestauServer/src/main/java/com/example/restau/payload/LoginRequest.java
